
====================================================================================================

====================================================================================================

====================================================================================================
Linux device-under-test 4.19.0-9-2-amd64 #1 SMP Debian 4.19.118-2+deb10u1 (2020-06-07) x86_64
You are on
  ____   ___  _   _ _  ____
 / ___| / _ \| \ | (_)/ ___|
 \___ \| | | |  \| | | |
  ___) | |_| | |\  | | |___
 |____/ \___/|_| \_|_|\____|

-- Software for Open Networking in the Cloud --

Unauthorized access and/or use are prohibited.
All access and/or use are subject to monitoring.

Help:    http://azure.github.io/SONiC/

Last login: Mon Feb 18 23:08:54 2019 from 10.36.78.241
enable
123!@#$%^&*()
!12zxc@#}_*^:
neighbor 10.0.0.23 remote-as 65200
history | tail
admin@device-under-test:~$ enable
enable .
enable :
enable [
enable alias
enable bg
enable bind
enable break
enable builtin
enable caller
enable cd
enable command
enable compgen
enable complete
enable compopt
enable continue
enable declare
enable dirs
enable disown
enable echo
enable enable
enable eval
enable exec
enable exit
enable export
enable false
enable fc
enable fg
enable getopts
enable hash
enable help
enable history
enable jobs
enable kill
enable let
enable local
enable logout
enable mapfile
enable popd
enable printf
enable pushd
enable pwd
enable read
enable readarray
enable readonly
enable return
enable set
enable shift
enable shopt
enable source
enable suspend
enable test
enable times
enable trap
enable true
enable type
enable typeset
enable ulimit
enable umask
enable unalias
enable unset
enable wait
admin@device-under-test:~$ 123!@#$%^&*()
-bash: !@#: event not found
admin@device-under-test:~$ !12zxc@#}_*^:
sudp vi /etc/sonic/config_db.json zxc@#}_*^:
-bash: sudp: command not found
admin@device-under-test:~$ neighbor 10.0.0.23 remote-as 65200
-bash: neighbor: command not found
admin@device-under-test:~$ history | tail
  951  neighbor 10.0.0.23 remote-as 65200
  952  history
  953  enable
  954  sudp vi /etc/sonic/config_db.json zxc@#}_*^:
  955  neighbor 10.0.0.23 remote-as 65200
  956  history
  957  enable
  958  sudp vi /etc/sonic/config_db.json zxc@#}_*^:
  959  neighbor 10.0.0.23 remote-as 65200
  960  history | tail
admin@device-under-test:~$